// Jest Snapshot v1, https://goo.gl/fbAQLP

exports[`Testing mapView should render a map component 1`] = `[Function]`;
